This is XeTeX, Version 3.141592653-2.6-0.999998 (TeX Live 2026) (preloaded format=xelatex)
entering extended mode
(./_combined_manuscript.tex
LaTeX2e <2025-11-01>
L3 programming layer <2026-01-19>
(/usr/local/texlive/2026/texmf-dist/tex/latex/extsizes/extarticle.cls
Document Class: extarticle 1996/10/08 v1.0 Non Standard LaTeX document class
(/usr/local/texlive/2026/texmf-dist/tex/latex/extsizes/size9.clo)
(/usr/local/texlive/2026/texmf-dist/tex/latex/base/exscale.sty))
(/usr/local/texlive/2026/texmf-dist/tex/latex/xcolor/xcolor.sty
(/usr/local/texlive/2026/texmf-dist/tex/latex/graphics-cfg/color.cfg)
(/usr/local/texlive/2026/texmf-dist/tex/latex/graphics-def/xetex.def)
(/usr/local/texlive/2026/texmf-dist/tex/latex/graphics/mathcolor.ltx))
(/usr/local/texlive/2026/texmf-dist/tex/latex/geometry/geometry.sty
(/usr/local/texlive/2026/texmf-dist/tex/latex/graphics/keyval.sty)
(/usr/local/texlive/2026/texmf-dist/tex/generic/iftex/ifvtex.sty
(/usr/local/texlive/2026/texmf-dist/tex/generic/iftex/iftex.sty)))
(/usr/local/texlive/2026/texmf-dist/tex/latex/amsmath/amsmath.sty
For additional information on amsmath, use the `?' option.
(/usr/local/texlive/2026/texmf-dist/tex/latex/amsmath/amstext.sty
(/usr/local/texlive/2026/texmf-dist/tex/latex/amsmath/amsgen.sty))
(/usr/local/texlive/2026/texmf-dist/tex/latex/amsmath/amsbsy.sty)
(/usr/local/texlive/2026/texmf-dist/tex/latex/amsmath/amsopn.sty))
(/usr/local/texlive/2026/texmf-dist/tex/latex/amsfonts/amssymb.sty
(/usr/local/texlive/2026/texmf-dist/tex/latex/amsfonts/amsfonts.sty))
(/usr/local/texlive/2026/texmf-dist/tex/latex/unicode-math/unicode-math.sty
(/usr/local/texlive/2026/texmf-dist/tex/latex/l3kernel/expl3.sty
(/usr/local/texlive/2026/texmf-dist/tex/latex/l3backend/l3backend-xetex.def))
(/usr/local/texlive/2026/texmf-dist/tex/latex/unicode-math/unicode-math-xetex.s
ty (/usr/local/texlive/2026/texmf-dist/tex/latex/l3packages/xparse/xparse.sty)
(/usr/local/texlive/2026/texmf-dist/tex/latex/l3packages/l3keys2e/l3keys2e.sty)
 (/usr/local/texlive/2026/texmf-dist/tex/latex/fontspec/fontspec.sty
(/usr/local/texlive/2026/texmf-dist/tex/latex/fontspec/fontspec-xetex.sty
(/usr/local/texlive/2026/texmf-dist/tex/latex/base/fontenc.sty)
(/usr/local/texlive/2026/texmf-dist/tex/latex/fontspec/fontspec.cfg)))
(/usr/local/texlive/2026/texmf-dist/tex/latex/base/fix-cm.sty
(/usr/local/texlive/2026/texmf-dist/tex/latex/base/ts1enc.def))
(/usr/local/texlive/2026/texmf-dist/tex/latex/unicode-math/unicode-math-table.t
ex))) (/usr/local/texlive/2026/texmf-dist/tex/latex/upquote/upquote.sty
(/usr/local/texlive/2026/texmf-dist/tex/latex/base/textcomp.sty))
(/usr/local/texlive/2026/texmf-dist/tex/latex/microtype/microtype.sty
(/usr/local/texlive/2026/texmf-dist/tex/latex/etoolbox/etoolbox.sty)
(/usr/local/texlive/2026/texmf-dist/tex/latex/microtype/microtype-xetex.def)
(/usr/local/texlive/2026/texmf-dist/tex/latex/microtype/microtype.cfg))
(/usr/local/texlive/2026/texmf-dist/tex/latex/parskip/parskip.sty
(/usr/local/texlive/2026/texmf-dist/tex/latex/kvoptions/kvoptions.sty
(/usr/local/texlive/2026/texmf-dist/tex/generic/ltxcmds/ltxcmds.sty)
(/usr/local/texlive/2026/texmf-dist/tex/latex/kvsetkeys/kvsetkeys.sty)))
(/usr/local/texlive/2026/texmf-dist/tex/latex/tools/longtable.sty)
(/usr/local/texlive/2026/texmf-dist/tex/latex/booktabs/booktabs.sty)
(/usr/local/texlive/2026/texmf-dist/tex/latex/tools/array.sty)
(/usr/local/texlive/2026/texmf-dist/tex/latex/caption/caption.sty
(/usr/local/texlive/2026/texmf-dist/tex/latex/caption/caption3.sty)
(/usr/local/texlive/2026/texmf-dist/tex/latex/caption/ltcaption.sty))
(/usr/local/texlive/2026/texmf-dist/tex/latex/tools/calc.sty)
(/usr/local/texlive/2026/texmf-dist/tex/latex/footnotehyper/footnotehyper.sty)
(/usr/local/texlive/2026/texmf-dist/tex/latex/graphics/graphicx.sty
(/usr/local/texlive/2026/texmf-dist/tex/latex/graphics/graphics.sty
(/usr/local/texlive/2026/texmf-dist/tex/latex/graphics/trig.sty)
(/usr/local/texlive/2026/texmf-dist/tex/latex/graphics-cfg/graphics.cfg)))
(/usr/local/texlive/2026/texmf-dist/tex/generic/babel/babel.sty
(/usr/local/texlive/2026/texmf-dist/tex/generic/babel/xebabel.def)
(/usr/local/texlive/2026/texmf-dist/tex/generic/babel/locale/en/babel-english.t
ex) (/usr/local/texlive/2026/texmf-dist/tex/generic/babel-english/english.ldf))
 (/usr/local/texlive/2026/texmf-dist/tex/latex/natbib/natbib.sty)
(/usr/local/texlive/2026/texmf-dist/tex/latex/caption/subcaption.sty)
(/usr/local/texlive/2026/texmf-dist/tex/latex/float/float.sty)
(/usr/local/texlive/2026/texmf-dist/tex/latex/bookmark/bookmark.sty
(/usr/local/texlive/2026/texmf-dist/tex/latex/hyperref/hyperref.sty
(/usr/local/texlive/2026/texmf-dist/tex/generic/kvdefinekeys/kvdefinekeys.sty)
(/usr/local/texlive/2026/texmf-dist/tex/generic/pdfescape/pdfescape.sty
(/usr/local/texlive/2026/texmf-dist/tex/generic/pdftexcmds/pdftexcmds.sty
(/usr/local/texlive/2026/texmf-dist/tex/generic/infwarerr/infwarerr.sty)))
(/usr/local/texlive/2026/texmf-dist/tex/latex/hycolor/hycolor.sty)
(/usr/local/texlive/2026/texmf-dist/tex/latex/hyperref/nameref.sty
(/usr/local/texlive/2026/texmf-dist/tex/latex/refcount/refcount.sty)
(/usr/local/texlive/2026/texmf-dist/tex/generic/gettitlestring/gettitlestring.s
ty)) (/usr/local/texlive/2026/texmf-dist/tex/generic/stringenc/stringenc.sty)
(/usr/local/texlive/2026/texmf-dist/tex/latex/hyperref/pd1enc.def)
(/usr/local/texlive/2026/texmf-dist/tex/generic/intcalc/intcalc.sty)
(/usr/local/texlive/2026/texmf-dist/tex/latex/hyperref/puenc.def)
(/usr/local/texlive/2026/texmf-dist/tex/latex/url/url.sty)
(/usr/local/texlive/2026/texmf-dist/tex/generic/bitset/bitset.sty
(/usr/local/texlive/2026/texmf-dist/tex/generic/bigintcalc/bigintcalc.sty)))
(/usr/local/texlive/2026/texmf-dist/tex/latex/hyperref/hxetex.def
(/usr/local/texlive/2026/texmf-dist/tex/latex/rerunfilecheck/rerunfilecheck.sty

(/usr/local/texlive/2026/texmf-dist/tex/generic/uniquecounter/uniquecounter.sty
))) (/usr/local/texlive/2026/texmf-dist/tex/latex/bookmark/bkm-dvipdfm.def))
(/usr/local/texlive/2026/texmf-dist/tex/latex/xurl/xurl.sty)
(/usr/local/texlive/2026/texmf-dist/tex/latex/seqsplit/seqsplit.sty)
(/usr/local/texlive/2026/texmf-dist/tex/latex/amscls/amsthm.sty)
(/usr/local/texlive/2026/texmf-dist/tex/latex/algorithm2e/algorithm2e.sty
(/usr/local/texlive/2026/texmf-dist/tex/latex/base/ifthen.sty)
(/usr/local/texlive/2026/texmf-dist/tex/latex/ifoddpage/ifoddpage.sty)
(/usr/local/texlive/2026/texmf-dist/tex/latex/tools/xspace.sty)
(/usr/local/texlive/2026/texmf-dist/tex/latex/relsize/relsize.sty))
(/usr/local/texlive/2026/texmf-dist/tex/latex/listings/listings.sty
(/usr/local/texlive/2026/texmf-dist/tex/latex/listings/lstpatch.sty)
(/usr/local/texlive/2026/texmf-dist/tex/latex/listings/lstmisc.sty)
(/usr/local/texlive/2026/texmf-dist/tex/latex/listings/listings.cfg))
==> First Aid for listings.sty no longer applied!
    Expected:
        2024/09/23 1.10c (Carsten Heinz)
    but found:
        2025/11/14 1.11b (Carsten Heinz)
    so I'm assuming it got fixed.
(/usr/local/texlive/2026/texmf-dist/tex/latex/siunitx/siunitx.sty
(/usr/local/texlive/2026/texmf-dist/tex/latex/translations/translations.sty)

Package siunitx Warning: Option "binary-units" has been removed in this
(siunitx)                release.

) (/usr/local/texlive/2026/texmf-dist/tex/latex/cleveref/cleveref.sty)
==> First Aid for cleveref.sty applied!
(./_combined_manuscript.aux)
*geometry* driver: auto-detecting
*geometry* detected driver: xetex

(/usr/local/texlive/2026/texmf-dist/tex/latex/microtype/mt-LatinModernRoman.cfg
)
(/usr/local/texlive/2026/texmf-dist/tex/latex/translations/translations-basic-d
ictionary-english.trsl)
(/usr/local/texlive/2026/texmf-dist/tex/latex/amsfonts/umsa.fd)
(/usr/local/texlive/2026/texmf-dist/tex/latex/microtype/mt-msa.cfg)
(/usr/local/texlive/2026/texmf-dist/tex/latex/amsfonts/umsb.fd)
(/usr/local/texlive/2026/texmf-dist/tex/latex/microtype/mt-msb.cfg)
(./_combined_manuscript.toc [1]
Overfull \hbox (0.37798pt too wide) detected at line 73
\TU/lmr/m/n/9 11.10

Overfull \hbox (0.37798pt too wide) detected at line 84
\TU/lmr/m/n/9 12.10

Overfull \hbox (0.37798pt too wide) detected at line 95
\TU/lmr/m/n/9 13.10
) [2] [3] [4] [5] [6] [7] [8] [9] [10] [11] [12] [13] [14]

Package natbib Warning: Multiple citation on page 15: same authors and year
(natbib)                without distinguishing extra letter,
(natbib)                appears as question mark.


Package natbib Warning: Multiple citation on page 15: same authors and year
(natbib)                without distinguishing extra letter,
(natbib)                appears as question mark.


Package natbib Warning: Multiple citation on page 15: same authors and year
(natbib)                without distinguishing extra letter,
(natbib)                appears as question mark.


Package natbib Warning: Multiple citation on page 15: same authors and year
(natbib)                without distinguishing extra letter,
(natbib)                appears as question mark.


Package natbib Warning: Multiple citation on page 15: same authors and year
(natbib)                without distinguishing extra letter,
(natbib)                appears as question mark.


Package natbib Warning: Multiple citation on page 15: same authors and year
(natbib)                without distinguishing extra letter,
(natbib)                appears as question mark.

 [15]

Package natbib Warning: Multiple citation on page 16: same authors and year
(natbib)                without distinguishing extra letter,
(natbib)                appears as question mark.


Package natbib Warning: Multiple citation on page 16: same authors and year
(natbib)                without distinguishing extra letter,
(natbib)                appears as question mark.


Package natbib Warning: Multiple citation on page 16: same authors and year
(natbib)                without distinguishing extra letter,
(natbib)                appears as question mark.

[16]

Package natbib Warning: Multiple citation on page 17: same authors and year
(natbib)                without distinguishing extra letter,
(natbib)                appears as question mark.

[17] [18] [19] [20] [21] [22] [23] [24] [25] [26] [27]

Package natbib Warning: Multiple citation on page 28: same authors and year
(natbib)                without distinguishing extra letter,
(natbib)                appears as question mark.


Package natbib Warning: Multiple citation on page 28: same authors and year
(natbib)                without distinguishing extra letter,
(natbib)                appears as question mark.


Package natbib Warning: Citation `openbsd_innovations' on page 28 undefined on
input line 2608.


Package natbib Warning: Citation `openbsd_79' on page 28 undefined on input lin
e 2614.

 [28] [29]

Package natbib Warning: Citation `openbsd_innovations' on page 30 undefined on
input line 2729.


Package natbib Warning: Citation `openbsd_79' on page 30 undefined on input lin
e 2738.

[30]

Package natbib Warning: Multiple citation on page 31: same authors and year
(natbib)                without distinguishing extra letter,
(natbib)                appears as question mark.

[31] [32] [33] [34] [35] [36] [37] [38] [39] [40] [41] [42] [43] [44] [45]
[46] [47] [48] [49]

Package natbib Warning: Multiple citation on page 50: same authors and year
(natbib)                without distinguishing extra letter,
(natbib)                appears as question mark.

[50] [51] [52] (./_combined_manuscript.bbl [53] [54] [55]
Runaway argument?
Project(2026{\natexlab {{}})]{openbsd_79} OpenBSD Project. \newblock \ETC.
! Paragraph ended before \@lbibitem was complete.
<to be read again>
                   \par
l.760

! Argument of \@lbibitem has an extra }.
<inserted text>
                \par
l.767 \bibitem[Project(2026{\natexlab{}}}
                                         )]{openbsd_innovations}
Runaway argument?
Project(2026{\natexlab {}}
! Paragraph ended before \@lbibitem was complete.
<to be read again>
                   \par
l.767 \bibitem[Project(2026{\natexlab{}}}
                                         )]{openbsd_innovations}
! Extra }, or forgotten \endgroup.
<recently read> }

l.767 \bibitem[Project(2026{\natexlab{}}}
                                         )]{openbsd_innovations}
! Missing $ inserted.
<inserted text>
                $
l.767 ...tem[Project(2026{\natexlab{}}})]{openbsd_
                                                  innovations}
! Extra }, or forgotten $.
l.767 ...2026{\natexlab{}}})]{openbsd_innovations}


! LaTeX Error: Command $ invalid in math mode.

See the LaTeX manual or LaTeX Companion for explanation.
Type  H <return>  for immediate help.
 ...

l.770 ...https://www.openbsd.org/innovations.html}
                                                  , 2026{\natexlab{}}}.
! Missing } inserted.
<inserted text>
                }
l.770 ...https://www.openbsd.org/innovations.html}
                                                  , 2026{\natexlab{}}}.
! Missing \endgroup inserted.
<inserted text>
                \endgroup
l.770 ...https://www.openbsd.org/innovations.html}
                                                  , 2026{\natexlab{}}}.
! Missing \endgroup inserted.
<inserted text>
                \endgroup
l.770 ...https://www.openbsd.org/innovations.html}
                                                  , 2026{\natexlab{}}}.
! Undefined control sequence.
\Url@FormatString ...ndafter \UrlLeft \Url@String
                                                  \UrlRight \m@th $
l.770 ...https://www.openbsd.org/innovations.html}
                                                  , 2026{\natexlab{}}}.
! Extra }, or forgotten $.
<recently read> }

l.770 ...https://www.openbsd.org/innovations.html}
                                                  , 2026{\natexlab{}}}.
! Missing $ inserted.
<inserted text>
                $
l.770 ...https://www.openbsd.org/innovations.html}
                                                  , 2026{\natexlab{}}}.
! Missing } inserted.
<inserted text>
                }
l.770 ...https://www.openbsd.org/innovations.html}
                                                  , 2026{\natexlab{}}}.
! Extra \endgroup.
\Hy@endcolorlink ->\endgroup

l.770 ...https://www.openbsd.org/innovations.html}
                                                  , 2026{\natexlab{}}}.
! Too many }'s.
l.770 ...org/innovations.html}, 2026{\natexlab{}}}
                                                  .

! LaTeX Error: Lonely \item--perhaps a missing list environment.

See the LaTeX manual or LaTeX Companion for explanation.
Type  H <return>  for immediate help.
 ...

l.773 ...ct(2026{\natexlab{~}})]{openbsd_security}


Underfull \hbox (badness 10000) detected at line 773
[][]

! LaTeX Error: Lonely \item--perhaps a missing list environment.

See the LaTeX manual or LaTeX Companion for explanation.
Type  H <return>  for immediate help.
 ...

l.779 ...t(2025{\natexlab{g}})]{qubes_430_release}


Underfull \hbox (badness 10000) detected at line 779
[][]

! LaTeX Error: Lonely \item--perhaps a missing list environment.

See the LaTeX manual or LaTeX Companion for explanation.
Type  H <return>  for immediate help.
 ...

l.787 \bibitem[Project(2026)]{qsb_110}


Underfull \hbox (badness 10000) detected at line 787
[][]

! LaTeX Error: Lonely \item--perhaps a missing list environment.

See the LaTeX manual or LaTeX Companion for explanation.
Type  H <return>  for immediate help.
 ...

l.793 \bibitem[Project(2026)]{qsb_115}


Underfull \hbox (badness 10000) detected at line 793
[][]

! LaTeX Error: Lonely \item--perhaps a missing list environment.

See the LaTeX manual or LaTeX Companion for explanation.
Type  H <return>  for immediate help.
 ...

l.799 \bibitem[Project(2026)]{qsb_116}


Underfull \hbox (badness 10000) detected at line 799
[][]

! LaTeX Error: Lonely \item--perhaps a missing list environment.

See the LaTeX manual or LaTeX Companion for explanation.
Type  H <return>  for immediate help.
 ...

l.805 \bibitem[Project(2026)]{qsb_118}


Underfull \hbox (badness 10000) detected at line 805
[][]

! LaTeX Error: Lonely \item--perhaps a missing list environment.

See the LaTeX manual or LaTeX Companion for explanation.
Type  H <return>  for immediate help.
 ...

l.811 ...em[Project(2026)]{qubes_43_release_notes}


Underfull \hbox (badness 10000) detected at line 811
[][]

! LaTeX Error: Lonely \item--perhaps a missing list environment.

See the LaTeX manual or LaTeX Companion for explanation.
Type  H <return>  for immediate help.
 ...

l.819 ...tem[Project(2026)]{qubes_43_requirements}


Underfull \hbox (badness 10000) detected at line 819
[][]

! LaTeX Error: Lonely \item--perhaps a missing list environment.

See the LaTeX manual or LaTeX Companion for explanation.
Type  H <return>  for immediate help.
 ...

l.827 ...item[Project(2026)]{qubes_anti_evil_maid}


Underfull \hbox (badness 10000) detected at line 827
[][]

! LaTeX Error: Lonely \item--perhaps a missing list environment.

See the LaTeX manual or LaTeX Companion for explanation.
Type  H <return>  for immediate help.
 ...

l.835 \bibitem[Project(2026)]{qubes_architecture}


Underfull \hbox (badness 10000) detected at line 835
[][]

! LaTeX Error: Lonely \item--perhaps a missing list environment.

See the LaTeX manual or LaTeX Companion for explanation.
Type  H <return>  for immediate help.
 ...

l.843 \bibitem[Project(2026)]{qubes_devices_api}


Underfull \hbox (badness 10000) detected at line 843
[][]

! LaTeX Error: Lonely \item--perhaps a missing list environment.

See the LaTeX manual or LaTeX Companion for explanation.
Type  H <return>  for immediate help.
 ...

l.851 \bibitem[Project(2026)]{qubes_disposables}


Underfull \hbox (badness 10000) detected at line 851
[][]

! LaTeX Error: Lonely \item--perhaps a missing list environment.

See the LaTeX manual or LaTeX Companion for explanation.
Type  H <return>  for immediate help.
 ...

l.859 \bibitem[Project(2026)]{qubes_faq}


Underfull \hbox (badness 10000) detected at line 859
[][]

! LaTeX Error: Lonely \item--perhaps a missing list environment.

See the LaTeX manual or LaTeX Companion for explanation.
Type  H <return>  for immediate help.
 ...

l.865 \bibitem[Project(2026)]{qubes_gui_domain}


Underfull \hbox (badness 10000) detected at line 865
[][]

! LaTeX Error: Lonely \item--perhaps a missing list environment.

See the LaTeX manual or LaTeX Companion for explanation.
Type  H <return>  for immediate help.
 ...

l.873 \bibitem[Project(2026)]{qubes_gui_protocol}


Underfull \hbox (badness 10000) detected at line 873
[][]

! LaTeX Error: Lonely \item--perhaps a missing list environment.

See the LaTeX manual or LaTeX Companion for explanation.
Type  H <return>  for immediate help.
 ...

l.880 \bibitem[Project(2026)]{qubes_issue_4371}


Underfull \hbox (badness 10000) detected at line 880
[][]

! LaTeX Error: Lonely \item--perhaps a missing list environment.

See the LaTeX manual or LaTeX Companion for explanation.
Type  H <return>  for immediate help.
 ...

l.886 \bibitem[Project(2026)]{qubes_issue_7992}


Underfull \hbox (badness 10000) detected at line 886
[][]

! LaTeX Error: Lonely \item--perhaps a missing list environment.

See the LaTeX manual or LaTeX Companion for explanation.
Type  H <return>  for immediate help.
 ...

l.892 \bibitem[Project(2026)]{qubes_qrexec}


Underfull \hbox (badness 10000) detected at line 892
[][]

! LaTeX Error: Lonely \item--perhaps a missing list environment.

See the LaTeX manual or LaTeX Companion for explanation.
Type  H <return>  for immediate help.
 ...

l.900 \bibitem[Project(2026)]{qubes_qsb_index}


Underfull \hbox (badness 10000) detected at line 900
[][]

! LaTeX Error: Lonely \item--perhaps a missing list environment.

See the LaTeX manual or LaTeX Companion for explanation.
Type  H <return>  for immediate help.
 ...

l.906 ...Project(2026)]{qubes_salt_administration}


Underfull \hbox (badness 10000) detected at line 906
[][]

! LaTeX Error: Lonely \item--perhaps a missing list environment.

See the LaTeX manual or LaTeX Companion for explanation.
Type  H <return>  for immediate help.
 ...

l.914 ...oject(2026)]{qubes_security_design_goals}


Underfull \hbox (badness 10000) detected at line 914
[][]

! LaTeX Error: Lonely \item--perhaps a missing list environment.

See the LaTeX manual or LaTeX Companion for explanation.
Type  H <return>  for immediate help.
 ...

l.922 \bibitem[Project(2026)]{qubes_templates}


Underfull \hbox (badness 10000) detected at line 922
[][]

! LaTeX Error: Lonely \item--perhaps a missing list environment.

See the LaTeX manual or LaTeX Companion for explanation.
Type  H <return>  for immediate help.
 ...

l.929 \bibitem[Project(2026)]{tails_7_12}


Underfull \hbox (badness 10000) detected at line 929
[][]

! LaTeX Error: Lonely \item--perhaps a missing list environment.

See the LaTeX manual or LaTeX Companion for explanation.
Type  H <return>  for immediate help.
 ...

l.935 \bibitem[Project(2026)]{tails_overview}


Underfull \hbox (badness 10000) detected at line 935
[][]

! LaTeX Error: Lonely \item--perhaps a missing list environment.

See the LaTeX manual or LaTeX Companion for explanation.
Type  H <return>  for immediate help.
 ...

l.941 ...[Project(2026)]{tails_persistent_storage}


Underfull \hbox (badness 10000) detected at line 941
[][]

! LaTeX Error: Lonely \item--perhaps a missing list environment.

See the LaTeX manual or LaTeX Companion for explanation.
Type  H <return>  for immediate help.
 ...

l.947 \bibitem[Project(2026)]{whonix_18_support}


Underfull \hbox (badness 10000) detected at line 947
[][]

! LaTeX Error: Lonely \item--perhaps a missing list environment.

See the LaTeX manual or LaTeX Companion for explanation.
Type  H <return>  for immediate help.
 ...

l.956 ...m[Project(2026)]{whonix_technical_design}


Underfull \hbox (badness 10000) detected at line 956
[][]

! LaTeX Error: Lonely \item--perhaps a missing list environment.

See the LaTeX manual or LaTeX Companion for explanation.
Type  H <return>  for immediate help.
 ...

l.962 ...oject(2026)]{whonix_workstation_security}


Underfull \hbox (badness 10000) detected at line 962
[][]

! LaTeX Error: Lonely \item--perhaps a missing list environment.

See the LaTeX manual or LaTeX Companion for explanation.
Type  H <return>  for immediate help.
 ...

l.968 \bibitem[Research(2026)]{apollo_automode}


Underfull \hbox (badness 10000) detected at line 968
[][]

! LaTeX Error: Lonely \item--perhaps a missing list environment.

See the LaTeX manual or LaTeX Companion for explanation.
Type  H <return>  for immediate help.
 ...

l.976   Connelly]{nist_sp800_207}


Underfull \hbox (badness 10000) detected at line 976
[][]

! LaTeX Error: Lonely \item--perhaps a missing list environment.

See the LaTeX manual or LaTeX Companion for explanation.
Type  H <return>  for immediate help.
 ...

l.982 ...Saltzer and Schroeder(1975)]{saltzer1975}


Underfull \hbox (badness 10000) detected at line 982
[][]

! LaTeX Error: Lonely \item--perhaps a missing list environment.

See the LaTeX manual or LaTeX Companion for explanation.
Type  H <return>  for immediate help.
 ...

l.988 ...2026{\natexlab{a}})]{secureblue_features}


Underfull \hbox (badness 10000) detected at line 988
[][]

! LaTeX Error: Lonely \item--perhaps a missing list environment.

See the LaTeX manual or LaTeX Companion for explanation.
Type  H <return>  for immediate help.
 ...

l.994 ...ect(2026{\natexlab{b}})]{secureblue_v430}


Underfull \hbox (badness 10000) detected at line 994
[][]

! LaTeX Error: Lonely \item--perhaps a missing list environment.

See the LaTeX manual or LaTeX Companion for explanation.
Type  H <return>  for immediate help.
 ...

l.1001 ...ct(2026{\natexlab{c}})]{secureblue_v491}


Underfull \hbox (badness 10000) detected at line 1001
[][]

! LaTeX Error: Lonely \item--perhaps a missing list environment.

See the LaTeX manual or LaTeX Companion for explanation.
Type  H <return>  for immediate help.
 ...

l.1008 ...tem[Security(2026)]{parrot_intended_use}


Underfull \hbox (badness 10000) detected at line 1008
[][]
[56]

! LaTeX Error: Lonely \item--perhaps a missing list environment.

See the LaTeX manual or LaTeX Companion for explanation.
Type  H <return>  for immediate help.
 ...

l.1014 ...ation(2026{\natexlab{a}})]{microkit_2_3}


Underfull \hbox (badness 10000) detected at line 1014
[][]

! LaTeX Error: Lonely \item--perhaps a missing list environment.

See the LaTeX manual or LaTeX Companion for explanation.
Type  H <return>  for immediate help.
 ...

l.1021 ...ion(2026{\natexlab{b}})]{sel4_2026_news}


Underfull \hbox (badness 10000) detected at line 1021
[][]

! LaTeX Error: Lonely \item--perhaps a missing list environment.

See the LaTeX manual or LaTeX Companion for explanation.
Type  H <return>  for immediate help.
 ...

l.1027 ...lab{c}})]{sel4_verification_assumptions}


Underfull \hbox (badness 10000) detected at line 1027
[][]

! LaTeX Error: Lonely \item--perhaps a missing list environment.

See the LaTeX manual or LaTeX Companion for explanation.
Type  H <return>  for immediate help.
 ...

l.1034 ...ices(2026)]{firecracker_jailer_advisory}


Underfull \hbox (badness 10000) detected at line 1034
[][]

! LaTeX Error: Lonely \item--perhaps a missing list environment.

See the LaTeX manual or LaTeX Companion for explanation.
Type  H <return>  for immediate help.
 ...

l.1042 ...stemHardening(2026)]{io_uring_hardening}


Underfull \hbox (badness 10000) detected at line 1042
[][]

! LaTeX Error: Lonely \item--perhaps a missing list environment.

See the LaTeX manual or LaTeX Companion for explanation.
Type  H <return>  for immediate help.
 ...

l.1051 ...hnica(2025)]{arstechnica_gtg_skepticism}


Underfull \hbox (badness 10000) detected at line 1051
[][]

! LaTeX Error: Lonely \item--perhaps a missing list environment.

See the LaTeX manual or LaTeX Companion for explanation.
Type  H <return>  for immediate help.
 ...

l.1060 \bibitem[(TII)(2026)]{sbomnix}


Underfull \hbox (badness 10000) detected at line 1060
[][]

! LaTeX Error: Lonely \item--perhaps a missing list environment.

See the LaTeX manual or LaTeX Companion for explanation.
Type  H <return>  for immediate help.
 ...

l.1067 ...u(2026{\natexlab{a}})]{snap_confinement}


Underfull \hbox (badness 10000) detected at line 1067
[][]

! LaTeX Error: Lonely \item--perhaps a missing list environment.

See the LaTeX manual or LaTeX Companion for explanation.
Type  H <return>  for immediate help.
 ...

l.1075 ...\natexlab{b}})]{ubuntu_core_confinement}


Underfull \hbox (badness 10000) detected at line 1075
[][]

! LaTeX Error: Lonely \item--perhaps a missing list environment.

See the LaTeX manual or LaTeX Companion for explanation.
Type  H <return>  for immediate help.
 ...

l.1083 ...26{\natexlab{c}})]{ubuntu_release_cycle}


Underfull \hbox (badness 10000) detected at line 1083
[][]

! LaTeX Error: \begin{document} ended by \end{thebibliography}.

See the LaTeX manual or LaTeX Companion for explanation.
Type  H <return>  for immediate help.
 ...

l.1089 \end{thebibliography}

! Extra \endgroup.
\end  ...end#1\endcsname \@checkend {#1}\endgroup
                                                  \UseHook {env/#1/after}\if...
l.1089 \end{thebibliography}

)

Package natbib Warning: There were undefined citations.

[57] (./_combined_manuscript.aux) )
(see the transcript file for additional information)
Output written on _combined_manuscript.pdf (57 pages).
Transcript written on _combined_manuscript.log.
